0 4 boneless, skinless chicken breasts 29 chicken breasts
1 4 boneless, skinless chicken breast 29 chicken breasts
2 ½ cup Dijon mustard 45 dijon mustard
3 ¼ cup maple syrup 0 
4 1 tablespoon red wine vinegar 107 red wine
5 Salt & pepper 200 salt
6 Fresh rosemary 186 rosemary
7 Томаты очищенные сливовидные в собственном соку — 660 г 184 tomato
8 Помидорки черри — 500 г 184 tomato
9 Паста сухая — 100 г 0 
10 Сливочное масло — 150 г 0 
11 Тимьян свежий — 1 веточка 206 thyme
12 Базилик зеленый — 1 пучок 12 basil
13 Сахар — 40 г 192 sugar
14 Оливковое масло — 50 мл 0 
15 Пеперончино 0 
16 Морская соль 200 salt
17 Чеснок — 2 зубчика 217 garlic
