{
  "Version": "0001-01-01T00:00:00",
  "Name": "Roast Leg of Lamb",
  "Author": "Pegano",
  "RecipeIngredients": [
    "1 leg of lamb, 6-7 pounds, trimmed of all fat",
    "2 garlic doves, sliced",
    "3 tablespoons olive oil",
    "2 teaspoons rosemary",
    "Dash sea salt and pepper to taste",
    "3/4 cup no fat, low sodium chicken broth"
  ],
  "RecipeInstructions": [
    "Preheat oven to 400.°",
    "Make small slits Into the leg of lamb and Insert the garlic slices. Mix oil with rosemary, salt and pepper and rub all over the surface, Place in a roasting pan and place in oven, Reduce temperature to 375.°",
    "Roast for about 1½-2 hours. Instant meat thermometer inserted into thickest part of the meat should register 145° for medium and 155° for well done. Let stand 10 minutes before serving.",
    "Add broth to the pan stirring to melt the solidified juices, boil for a few; minutes to make a natural gravy."
  ],
  "RecipeYield": "Serves 6 to 8"
}
-------------------
Roast Leg of Lamb
Serves 6 to 8

Ingredients:
	1 leg of lamb, 6-7 pounds, trimmed of all fat
	2 garlic doves, sliced
	3 tablespoons olive oil
	2 teaspoons rosemary
	Dash sea salt and pepper to taste
	3/4 cup no fat, low sodium chicken broth

Directions:
	Preheat oven to 400.°
	Make small slits Into the leg of lamb and Insert the garlic slices. Mix oil with rosemary, salt and pepper and rub all over the surface, Place in a roasting pan and place in oven, Reduce temperature to 375.°
	Roast for about 1½-2 hours. Instant meat thermometer inserted into thickest part of the meat should register 145° for medium and 155° for well done. Let stand 10 minutes before serving.
	Add broth to the pan stirring to melt the solidified juices, boil for a few; minutes to make a natural gravy.

Description:

Author:
	Pegano

Tags: